
======================================================================
≡ƒº¬ PHASE 1 AUTOGEN INTEGRATION - COMPREHENSIVE TEST SUITE
======================================================================

≡ƒôï Running Unit Tests:


≡ƒôì Running: ./tests/test-ryuzu-orchestrator-agent.js
----------------------------------------------------------------------

≡ƒôï TEST SUITE 1: Message Classes

Γ£à 1.1: TaskDelegation message creation works
Γ£à 1.2: TaskResult message creation works
Γ£à 1.3: ErrorReport message creation works

≡ƒôï TEST SUITE 2: OrchestratorAgent Initialization

Γ£à 2.1: OrchestratorAgent creates successfully
Γ£à 2.2: Default routing table initialized correctly

≡ƒôï TEST SUITE 3: Clone Registration

Γ£à 3.1: Single clone registration works
Γ£à 3.2: Multiple clone registration works

≡ƒôï TEST SUITE 4: Task Delegation

Γ£à 4.1: Task delegation to registered clone works
Γ£à 4.2: Task delegation rejects unregistered clones
Γ£à 4.3: Get active tasks works

≡ƒôï TEST SUITE 5: Task Completion

Γ£à 5.1: Recording task completion works
Γ£à 5.2: Get task status works

≡ƒôï TEST SUITE 6: Error Handling

Γ£à 6.1: Recording error works
Γ£à 6.2: Critical error handling works

≡ƒôï TEST SUITE 7: Audit Trail

Γ£à 7.1: Audit trail logging works
Γ£à 7.2: Audit trail is properly bounded

≡ƒôï TEST SUITE 8: Status Reporting

Γ£à 8.1: Status report generation works
Γ£à 8.2: Status report has correct structure

============================================================
Γ£à ALL RYUZU ORCHESTRATOR AGENT TESTS PASSED
============================================================

≡ƒôè Summary:
  Γ£à Message Classes: 3/3 tests passed
  Γ£à Initialization: 2/2 tests passed
  Γ£à Clone Registration: 2/2 tests passed
  Γ£à Task Delegation: 3/3 tests passed
  Γ£à Task Completion: 2/2 tests passed
  Γ£à Error Handling: 2/2 tests passed
  Γ£à Audit Trail: 2/2 tests passed
  Γ£à Status Reporting: 2/2 tests passed

  Total: 18/18 tests passed Γ£à


≡ƒôì Running: ./tests/test-sanctuary-message-protocol.js
----------------------------------------------------------------------

≡ƒôï TEST SUITE 1: Base Message Class

Γ£à 1.1: Base message creation works
Γ£à 1.2: Message JSON serialization works

≡ƒôï TEST SUITE 2: Message Types

Γ£à 2.1: TaskAssignment creation works
Γ£à 2.2: TaskAcknowledgment creation works
Γ£à 2.3: TaskCompletion creation works
Γ£à 2.4: TaskFailure creation works
Γ£à 2.5: StatusQuery creation works
Γ£à 2.6: StatusResponse creation works
Γ£à 2.7: ArtifactReference creation works
Γ£à 2.8: CoordinationMessage creation works
Γ£à 2.9: ErrorEscalation creation works
Γ£à 2.10: RecoveryAction creation works

≡ƒôï TEST SUITE 3: Message Router

Γ£à 3.1: Message router creation works
Γ£à 3.2: Queue message works
Γ£à 3.3: Multiple messages for multiple clones works
Γ£à 3.4: Mark message delivered works
Γ£à 3.5: Mark message acknowledged works
Γ£à 3.6: Get message history with filter works
Γ£à 3.7: Register and execute delivery callback works
Γ£à 3.8: Multiple callbacks execution works
Γ£à 3.9: Router statistics work
Γ£à 3.10: Message history audit trail works

≡ƒôï TEST SUITE 4: Message Flow Scenarios

Γ£à 4.1: Complete task workflow works
Γ£à 4.2: Error recovery workflow works
Γ£à 4.3: Broadcast coordination works

============================================================
Γ£à ALL SANCTUARY MESSAGE PROTOCOL TESTS PASSED
============================================================

≡ƒôè Summary:
  Γ£à Base Message Class: 2/2 tests passed
  Γ£à Message Types: 10/10 tests passed
  Γ£à Message Router: 10/10 tests passed
  Γ£à Message Flow Scenarios: 3/3 tests passed

  Total: 25/25 tests passed Γ£à


≡ƒôì Running: ./tests/test-autogen-runtime-manager.js
----------------------------------------------------------------------

≡ƒôï TEST SUITE 1: Runtime Manager Initialization

Γ£à 1.1: Runtime manager creation works
Γ£à 1.2: Custom configuration works
≡ƒÜÇ Initializing AutoGen Runtime for Digital Sanctuary Network
Γ£à Orchestrator initialized: Ryuzu Omega
≡ƒô¥ Clone registered: beta (Beta)
≡ƒô¥ Clone registered: gamma (Gamma)
≡ƒô¥ Clone registered: delta (Delta)
≡ƒô¥ Clone registered: sigma (Sigma)
Γ£à Default clone network registered with orchestrator
Γ£à AutoGen Runtime initialized and ready
≡ƒÅÑ Health check cycle started
≡ƒ¢æ Shutting down AutoGen Runtime...
≡ƒÅÑ Health check cycle stopped
Γ£à AutoGen Runtime shutdown complete
Γ£à 1.3: Initialize runtime works

≡ƒôï TEST SUITE 2: Clone Registration

≡ƒô¥ Clone registered: custom-clone (CustomClone)
Γ£à 2.1: Register single clone works
≡ƒÜÇ Initializing AutoGen Runtime for Digital Sanctuary Network
Γ£à Orchestrator initialized: Ryuzu Omega
≡ƒô¥ Clone registered: beta (Beta)
≡ƒô¥ Clone registered: gamma (Gamma)
≡ƒô¥ Clone registered: delta (Delta)
≡ƒô¥ Clone registered: sigma (Sigma)
Γ£à Default clone network registered with orchestrator
Γ£à AutoGen Runtime initialized and ready
≡ƒÅÑ Health check cycle started
≡ƒ¢æ Shutting down AutoGen Runtime...
≡ƒÅÑ Health check cycle stopped
Γ£à AutoGen Runtime shutdown complete
Γ£à 2.2: Default clones registration works
≡ƒÜÇ Initializing AutoGen Runtime for Digital Sanctuary Network
Γ£à Orchestrator initialized: Ryuzu Omega
≡ƒô¥ Clone registered: beta (Beta)
≡ƒô¥ Clone registered: gamma (Gamma)
≡ƒô¥ Clone registered: delta (Delta)
≡ƒô¥ Clone registered: sigma (Sigma)
Γ£à Default clone network registered with orchestrator
Γ£à AutoGen Runtime initialized and ready
≡ƒÅÑ Health check cycle started
≡ƒ¢æ Shutting down AutoGen Runtime...
≡ƒÅÑ Health check cycle stopped
Γ£à AutoGen Runtime shutdown complete
Γ£à 2.3: Clone registry size correct

≡ƒôï TEST SUITE 3: Task Delegation

≡ƒÜÇ Initializing AutoGen Runtime for Digital Sanctuary Network
Γ£à Orchestrator initialized: Ryuzu Omega
≡ƒô¥ Clone registered: beta (Beta)
≡ƒô¥ Clone registered: gamma (Gamma)
≡ƒô¥ Clone registered: delta (Delta)
≡ƒô¥ Clone registered: sigma (Sigma)
Γ£à Default clone network registered with orchestrator
Γ£à AutoGen Runtime initialized and ready
≡ƒÅÑ Health check cycle started
≡ƒôñ Delegating task to beta: Test analysis task...
node : Γ¥î Failed to delegate task to beta: Failed to contact clone beta: Request failed with status code 500
At line:1 char:36
+ cd d:\Development\VoidCat-DSN\src; node run-all-tests.js 2>&1 | Tee-O ...
+                                    ~~~~~~~~~~~~~~~~~~~~~~~~~~
    + CategoryInfo          : NotSpecified: (Γ¥î Failed to d...status code 500:String) [], RemoteException
    + FullyQualifiedErrorId : NativeCommandError
 
file:///D:/Development/VoidCat-DSN/src/autogen-runtime-manager.js:258
            throw new Error(`Failed to contact clone ${cloneName}: ${error.message}`);
                  ^

Error: Failed to contact clone beta: Request failed with status code 500
    at AutoGenRuntimeManager.sendTaskToClone (file:///D:/Development/VoidCat-DSN/src/autogen-runtime-manager.js:258:19)
    at process.processTicksAndRejections (node:internal/process/task_queues:105:5)
    at async AutoGenRuntimeManager.delegateTask (file:///D:/Development/VoidCat-DSN/src/autogen-runtime-manager.js:202:30)
    at async file:///D:/Development/VoidCat-DSN/src/tests/test-autogen-runtime-manager.js:121:20

Node.js v22.19.0

≡ƒôì Running: ./tests/test-artifact-manager.js
----------------------------------------------------------------------

======================================================================
≡ƒº¬ ARTIFACT MANAGER - UNIT TEST SUITE
======================================================================

≡ƒôï TEST SUITE 1: Initialization

Γ£à 1.1: ArtifactManager creation works
≡ƒùä∩╕Å Artifact workspace initialized at: C:\Users\Wykeve\AppData\Local\Temp\sanctuary-test-99oRXL
Γ£à 1.2: Initialize creates workspace directories

≡ƒôï TEST SUITE 2: Artifact Storage

≡ƒôª Artifact stored: 6e317ec4-774e-434b-8c70-d77c07f2168e (txt)
Γ£à 2.1: Store text artifact works
≡ƒôª Artifact stored: ead7cbce-1b26-441d-9347-08e992bb5208 (json)
Γ£à 2.2: Store JSON artifact works
≡ƒôª Artifact stored: 1d5a1287-1679-43b1-82dc-31b4b22b29cd (js)
Γ£à 2.3: Store code artifact works

≡ƒôï TEST SUITE 3: Artifact Retrieval

≡ƒôª Artifact stored: 84a2292d-9dee-4ec8-b7f4-e315ee7e772d (txt)
Γ£à 3.1: Retrieve artifact by ID works
Γ£à 3.2: Retrieve manifest only works
Γ£à 3.3: Retrieve non-existent artifact throws error

≡ƒôï TEST SUITE 4: Checksum Verification

Γ£à 4.1: Checksum calculation is consistent
Γ£à 4.2: Different data produces different checksums
≡ƒôª Artifact stored: 30843ad8-1a77-4e1c-af19-16885ad2fd30 (txt)
Γ£à 4.3: Verify artifact integrity works

≡ƒôï TEST SUITE 5: Versioning

≡ƒôª Artifact stored: 6108d1a7-a718-410f-ac7b-029b3d6b3cbb (txt)
≡ƒôª Artifact stored: 952449c2-5cda-4ac3-8258-5761f5f72bec (txt)
Γ£à 5.1: Update artifact creates new version
Γ£à 5.2: List artifact versions works

≡ƒôï TEST SUITE 6: Metadata

≡ƒôª Artifact stored: a8330fa0-b045-4d0f-9298-330125ecffc3 (txt)
Γ£à 6.1: Custom metadata is preserved
≡ƒôª Artifact stored: 4122f059-edb7-4393-a89e-b9e8263b1d4a (txt)
Γ£à 6.2: Default metadata is added

≡ƒôï TEST SUITE 7: List Operations

Γ£à 7.1: List all artifacts works
≡ƒôª Artifact stored: 93adb9d9-d261-41fb-8984-d6ba9078fd7b (code)
≡ƒôª Artifact stored: 189853ee-5d19-4327-80b5-763cb4da8bca (doc)
Γ£à 7.2: Filter artifacts by type works

≡ƒôï TEST SUITE 8: Error Handling

≡ƒôª Artifact stored: 76bffa9c-1006-4424-8efa-9a8b77a20a4d (txt)
Γ£à 8.1: Empty content is handled
≡ƒôª Artifact stored: c94f6e19-8fce-40bc-8fd7-67f5cf122847 (txt)
Γ£à 8.2: Large artifact is handled

======================================================================
≡ƒôè TEST SUMMARY
======================================================================
Total Tests: 19
Γ£à Passed: 19
Γ¥î Failed: 0
Success Rate: 100.0%
======================================================================


≡ƒôì Running: ./tests/test-context-engineer.js
----------------------------------------------------------------------

======================================================================
≡ƒº¬ CONTEXT ENGINEER - UNIT TEST SUITE
======================================================================

≡ƒôï TEST SUITE 1: Initialization

Γ£à 1.1: ContextEngineer creation works
Γ£à 1.2: Context schema has required fields

≡ƒôï TEST SUITE 2: Basic Context Package Construction

Γ£à 2.1: Minimal context package creation works
Γ£à 2.2: Context package with artifacts works
Γ£à 2.3: Context package with essential data works
Γ£à 2.4: Context package with constraints works

≡ƒôï TEST SUITE 3: Validation

Γ£à 3.1: Missing objective throws error
Γ£à 3.2: Missing targetClone throws error

≡ƒôï TEST SUITE 4: Quality Metrics

Γ£à 4.1: Context quality metrics are generated
Γ£à 4.2: Quality score is 0-100 range
Γ£à 4.3: Optimal objective length scores higher

≡ƒôï TEST SUITE 5: Objective Optimization

Γ£à 5.1: Objective optimization preserves content
Γ£à 5.2: Empty objective is handled

≡ƒôï TEST SUITE 6: Lightweight Manifest Creation

Γ£à 6.1: Lightweight manifest excludes full content
Γ£à 6.2: Lightweight manifest preserves essential fields

≡ƒôï TEST SUITE 7: Essential Data Sanitization

Γ£à 7.1: Essential data is sanitized
Γ£à 7.2: Nested objects are handled

≡ƒôï TEST SUITE 8: Context ID Generation

Γ£à 8.1: Context ID is unique
Γ£à 8.2: Context ID has correct format

≡ƒôï TEST SUITE 9: Metadata Handling

Γ£à 9.1: Default metadata is added
Γ£à 9.2: Custom metadata is preserved

≡ƒôï TEST SUITE 10: Integration Scenarios

Γ£à 10.1: Complete context package for code review
Γ£à 10.2: Context package for documentation task

======================================================================
≡ƒôè TEST SUMMARY
======================================================================
Total Tests: 23
Γ£à Passed: 23
Γ¥î Failed: 0
Success Rate: 100.0%
======================================================================


≡ƒôì Running: ./tests/test-routing-config.js
----------------------------------------------------------------------

======================================================================
≡ƒº¬ ROUTING CONFIGURATION - UNIT TEST SUITE
======================================================================

≡ƒôï TEST SUITE 1: Clone Registry

Γ£à 1.1: Clone registry has all 5 clones
Γ£à 1.2: Beta clone configuration is valid
Γ£à 1.3: Gamma clone configuration is valid
Γ£à 1.4: Delta clone configuration is valid
Γ£à 1.5: Sigma clone configuration is valid
Γ£à 1.6: Omega clone configuration is valid

≡ƒôï TEST SUITE 2: Routing Rules

Γ£à 2.1: Routing rules exist and are non-empty
Γ£à 2.2: Security analysis routes to Beta
Γ£à 2.3: Code review routes to Beta
Γ£à 2.4: Architecture tasks route to Gamma
Γ£à 2.5: Testing tasks route to Delta
Γ£à 2.6: Documentation tasks route to Sigma

≡ƒôï TEST SUITE 3: Rule Structure

Γ£à 3.1: All rules have required fields
Γ£à 3.2: Priorities are valid
Γ£à 3.3: Timeouts are reasonable
Γ£à 3.4: Retries are reasonable

≡ƒôï TEST SUITE 4: Task Routing Function

Γ£à 4.1: getRoutingRule function exists
Γ£à 4.2: getRoutingRule returns correct rule for security-analysis
Γ£à 4.3: getCloneInfo function works
Γ£à 4.4: selectClone function works for known task

≡ƒôï TEST SUITE 5: Configuration Validation

Γ£à 5.1: validateRoutingConfig function exists
Γ£à 5.2: Routing configuration is valid
Γ£à 5.3: All routing destinations exist in clone registry

≡ƒôï TEST SUITE 6: Clone Capabilities

Γ£à 6.1: Beta has security and code analysis capabilities
Γ£à 6.2: Gamma has architecture capabilities
Γ£à 6.3: Delta has testing capabilities
Γ£à 6.4: Sigma has documentation capabilities
Γ£à 6.5: Omega has coordination capabilities

≡ƒôï TEST SUITE 7: Port Allocation

Γ£à 7.1: All clones have unique ports
Γ£à 7.2: Ports are in correct range (3000-3005)
Γ£à 7.3: Omega is on port 3000 (coordinator)

======================================================================
≡ƒôè TEST SUMMARY
======================================================================
Total Tests: 31
Γ£à Passed: 31
Γ¥î Failed: 0
Success Rate: 100.0%
======================================================================


≡ƒôì Running: ./tests/test-message-handlers.js
----------------------------------------------------------------------

======================================================================
≡ƒº¬ MESSAGE HANDLERS - UNIT TEST SUITE
======================================================================

≡ƒôï TEST SUITE 1: handleTaskAssignment

Γ£à 1.1: handleTaskAssignment exists
≡ƒôÑ Beta received task: security-analysis...
Γ¥î 1.2: handleTaskAssignment processes valid task
   Error: Should reference original task
Γ¥î Error handling TaskAssignment: Invalid TaskAssignment: missing taskDescription or taskType
Γ£à 1.3: handleTaskAssignment validates required fields
≡ƒôÑ Beta received task: code-review...
Γ¥î 1.4: handleTaskAssignment sets estimated completion
   Error: Should have estimated completion time

≡ƒôï TEST SUITE 2: handleStatusQuery

Γ£à 2.1: handleStatusQuery exists
≡ƒôè Beta sending status: undefined active tasks
Γ£à 2.2: handleStatusQuery returns status response
≡ƒôè Beta sending status: undefined active tasks
Γ£à 2.3: handleStatusQuery includes clone details
≡ƒôè Beta sending status: undefined active tasks
≡ƒôè Beta sending status: undefined active tasks
Γ£à 2.4: handleStatusQuery handles different query types

≡ƒôï TEST SUITE 3: processTaskResult

Γ£à 3.1: processTaskResult exists
Γ£à Beta completed task: test...
Γ£à 3.2: processTaskResult handles successful task
Γ¥î Beta task failed: Task failed
Γ£à 3.3: processTaskResult handles failed task

≡ƒôï TEST SUITE 4: routeMessage

Γ£à 4.1: routeMessage exists
≡ƒôÑ Beta received task: security-analysis...
Γ£à 4.2: routeMessage handles TaskAssignment
≡ƒôè Beta sending status: undefined active tasks
Γ£à 4.3: routeMessage handles StatusQuery

≡ƒôï TEST SUITE 5: handleErrorEscalation

Γ£à 5.1: handleErrorEscalation exists
≡ƒÜ¿ Beta received error escalation from beta
   Severity: critical
   Error: Database connection lost
   Context: "System error"
≡ƒö┤ CRITICAL ERROR received by Beta - may require intervention
Γ£à 5.2: handleErrorEscalation processes escalation
≡ƒÜ¿ Beta received error escalation from beta
   Severity: critical
   Error: Critical system failure
   Context: "Immediate attention required"
≡ƒö┤ CRITICAL ERROR received by Beta - may require intervention
Γ£à 5.3: handleErrorEscalation handles critical severity

≡ƒôï TEST SUITE 6: validateMessage

Γ£à 6.1: validateMessage exists
Γ£à 6.2: validateMessage accepts valid messages
Γ£à 6.3: validateMessage rejects invalid messages

≡ƒôï TEST SUITE 7: Integration with Message Types

≡ƒôÑ Beta received task: security-analysis...
Γ£à 7.1: Handler works with TaskAssignment class
≡ƒôè Beta sending status: undefined active tasks
Γ£à 7.2: Handler works with StatusQuery class

======================================================================
≡ƒôè TEST SUMMARY
======================================================================
Total Tests: 22
Γ£à Passed: 20
Γ¥î Failed: 2
Success Rate: 90.9%
======================================================================


≡ƒôì Running: ./tests/test-ryuzu-clone-base.js
----------------------------------------------------------------------

======================================================================
≡ƒº¬ RYUZU CLONE BASE CLASS - UNIT TEST SUITE
======================================================================

≡ƒôï TEST SUITE 1: Clone Initialization

Γ£à 1.1: Clone creation with role and specialization
Γ£à 1.2: Clone has active tasks map
Γ£à 1.3: Clone has orchestration enabled
Γ£à 1.4: Clone has artifact manager

≡ƒôï TEST SUITE 2: System Prompt

Γ£à 2.1: getSystemPrompt returns role-specific prompt
Γ£à 2.2: getSystemPrompt is consistent

≡ƒôï TEST SUITE 3: Prompt Enhancement

Γ£à 3.1: enhancePrompt without context
Γ£à 3.2: enhancePrompt with context
Γ£à 3.3: enhancePrompt handles empty context

≡ƒôï TEST SUITE 4: Context Package Processing

Γ£à 4.1: processContextPackage with basic objective
Γ£à 4.2: processContextPackage with artifacts
Γ£à 4.3: processContextPackage with essential data
Γ£à 4.4: processContextPackage with constraints
Γ£à 4.5: processContextPackage handles null

≡ƒôï TEST SUITE 5: Orchestration Task Handling

Γ£à 5.1: handleOrchestrationTask accepts valid task
Γ£à 5.2: handleOrchestrationTask adds task to active tasks
Γ£à 5.3: handleOrchestrationTask validates task structure
Γ£à 5.4: handleOrchestrationTask tracks task details

≡ƒôï TEST SUITE 6: Status Query Handling

Γ£à 6.1: handleStatusQuery returns clone status
Γ£à 6.2: handleStatusQuery includes active task count
Γ£à 6.3: handleStatusQuery includes timestamp

≡ƒôï TEST SUITE 7: Health Status

Γ£à 7.1: getHealth returns active status
Γ£à 7.2: getHealth includes role and specialization
Γ£à 7.3: getHealth includes timestamp

≡ƒôï TEST SUITE 8: Multiple Roles

Γ£à 8.1: Beta clone has correct role
Γ£à 8.2: Gamma clone has correct role
Γ£à 8.3: Delta clone has correct role
Γ£à 8.4: Sigma clone has correct role
Γ£à 8.5: Omega clone has correct role

======================================================================
≡ƒôè TEST SUMMARY
======================================================================
Total Tests: 29
Γ£à Passed: 29
Γ¥î Failed: 0
Success Rate: 100.0%
======================================================================


======================================================================
≡ƒôè TEST EXECUTION SUMMARY
======================================================================

Γ£à Test Suites Passed: 6/8
Γ¥î Test Suites Failed: 2/8

ΓÜá∩╕Å  Errors Encountered:
  1. ./tests/test-autogen-runtime-manager.js - Exit code: 1
  2. ./tests/test-message-handlers.js - Exit code: 1

======================================================================
Γ¥î SOME TESTS FAILED - PLEASE REVIEW ERRORS
======================================================================
